Script: 20260926-2340-descargar-imagenes-pomelo.ps1
Inicio: 09/26/2026 10:59:50
Fin: 09/26/2026 11:00:13
Codigo de salida: 0
----------------------------------------
  OK  c25ba3c5-Disen_o_sin_ti_tulo_2_.png
  OK  dcda2666-Disen_o_sin_ti_tulo_2_.png
  OK  24e14657-tim-marshall-EEv8cy3sRO8-unsplash_1_.jpg
  OK  ba925d88-HotelPomelo_LogotipoRGB_Granate.png
  OK  435833d3-DSC09800.jpg
  OK  24792c44-CHIRINGUITO_5739.jpg
  OK  62773f88-IMG_1297.jpg
  OK  37dc3e67-Composicion_10.png
  OK  3fb607d6-El_Chiringuito_Logotipo-07.png
  OK  e41c490d-472560769_17889775452169078_2121538578634734797_n.jpg
  OK  e40e2a2d-Playa_tropical_con_cuencos_y_velas.png
  OK  dddf6e35-DSC09011.jpg
  OK  a248a615-PelicanoFondo_Pomelo_reflejo_AzulMarino.png
  OK  28bb759c-Mujeres_a_caballo_en_la_costa_volca_nica.png
  OK  19-Galeria_habitaciones_15.jpg
  OK  18-Galeria_habitaciones_14.jpg
  OK  9029f775-B894C3F9-A9D1-4E6D-A941-A0B3B388636F.PNG
  OK  21-Galeria_habitaciones_8.jpg
  OK  20-Galeria_habitaciones_7.jpg
  OK  24-Galeria_habitaciones_9.jpg
  OK  25-Galeria_habitaciones_17.jpg
  OK  22-Galeria_Habitaciones_13.jpg
  OK  26-Galeria_habitaciones_5.jpg
  OK  27-Galeria_habitaciones_4.jpg
  OK  23-Galeria_habitaciones_10.jpg
  OK  28-Galeria_habitaciones_18.jpg
  OK  29-Galeria_habitaciones_6.jpg
  OK  30-Galeria_habitaciones_3.jpg
  OK  31-Galeria_habitaciones_2.jpg
  OK  32-Galeria_habitaciones_11.jpg
  OK  33-Galeria_habitaciones_12.jpg
  OK  35-Galeria_Habitaciones_1.jpg
  OK  34-Galeria_habitaciones_16.jpg
  OK  b14e469f-629A6AB9-A374-4A1D-8094-60F80E096842.PNG
  OK  e657576a-IMG_0210.png
  OK  ab6f5d20-677BCEB0-7F62-4732-B1D7-E00C98842148.PNG
  OK  8eae518c-flor_1.png
  OK  2ed26f78-Postal_Pomelo3.gif
  OK  e6b609d4-mathieu-chirico-sFSZuKI2CvY-unsplash_1_.jpg
  OK  78352b7a-Collage_FranAngela.png
  OK  ddcca006-Composicion_18.png
  OK  e37be48b-Newsletter_Pomelo_Footer.png
  OK  4c737b05-IMG_1838.jpg
  OK  64f1a96d-IMG_1888.jpg
  OK  135f2d4f-IMG_1836.jpg
  OK  b59e5bac-IMG_1873.jpg
  OK  d655ca3a-IMG_1936.jpg
  OK  8b7034c8-IMG_1923.jpg
  OK  060904f2-IMG_1900.jpg
  OK  1ac1c3b8-IMG_1961.jpg
  OK  53-Galeria_Habitaciones_13.jpg
  OK  842d1297-IMG_1958.jpg
  OK  55-Galeria_habitaciones_7.jpg
  OK  56-Galeria_habitaciones_8.jpg
  OK  57-Galeria_habitaciones_9.jpg
  OK  5c2aa145-IMG_1291.jpg
  OK  58-Galeria_habitaciones_5.jpg
  OK  54-Galeria_habitaciones_15.jpg
  OK  60-Galeria_habitaciones_17.jpg
  OK  61-Galeria_habitaciones_10.jpg
  OK  62-Galeria_habitaciones_18.jpg
  OK  59-Galeria_habitaciones_4.jpg
  OK  63-Galeria_habitaciones_6.jpg
  OK  65-Galeria_habitaciones_2.jpg
  OK  66-Galeria_habitaciones_14.jpg
  OK  67-Galeria_habitaciones_11.jpg
  OK  70-Galeria_Habitaciones_1.jpg
  OK  64-Galeria_habitaciones_3.jpg
  OK  69-Galeria_habitaciones_12.jpg
  OK  4d0e148f-IMG_4735.jpg
  OK  68-Galeria_habitaciones_16.jpg
  OK  de9b5c45-hab8.jpg
  OK  84fa7d17-IMG_6335.jpg
  OK  2901de54-flor3.png
  OK  f540702f-Fotos_newsletter_hotel3.gif
  OK  4fd9c037-IMG_2050.jpg
  OK  f8bc1771-MonoFondo_Pomelo_Rosa.png
  OK  bf493d29-IMG_4097.jpg
  OK  188e0cda-OstraFondo_Pomelo_AzulMarino.png
  OK  a6630453-IMG_3855.jpg
  OK  d654a928-N_26L-10.jpg
  OK  8131046e-N_26L-108.jpg
  OK  e18451dc-Composicion_01.png
  OK  65d9626c-N_26L-208.jpg
  OK  1d2e2a4a-HABITACION_1393.jpg
  OK  118cc039-HABITACION_1366.jpg
  OK  fc99e909-IguanaFondo_Pomelo_Naranja.png
  OK  7f5f1374-HABITACION_1565.jpg
  OK  4e5b277f-HABITACION_1604.jpg
  OK  6280cfe8-Copia_de_HABITACION_1676.jpg
  OK  d5e364cb-HABITACION_1414.jpg
  OK  b0ba43ad-HABITACION_1078.jpg
  OK  52937a10-HABITACION_1031.jpg
  OK  29e7973e-HABITACION_1472-2.jpg
  OK  8c945885-HABITACION_1447.jpg
  OK  75e8d4e2-HABITACION_1416.jpg
  OK  282a3abe-HABITACION_1100.jpg
  OK  12a93ac4-HABITACION_1708.jpg
  OK  9149394a-HABITACION_1390.jpg
  OK  2a4c4211-HABITACION_1732.jpg
  OK  7b9384aa-HABITACION_1633-2.jpg
  OK  516e8148-PERGOLA_1838.jpg
  OK  3d939748-HABITACION_1679.jpg
  OK  a2d71c38-HABITACION_1716.jpg
  OK  fb8d86a2-HABITACION_1772.jpg
  OK  1dcaca59-HABITACION_1741.jpg
  OK  3589c2f3-HABITACION_1766.jpg
  OK  36785872-PERGOLA_1291.jpg
  OK  1afb6f6c-PERGOLA_1836.jpg
  OK  c41ebdd4-PERGOLA_1888.jpg
  OK  7cd29f27-PERGOLA_1873.jpg
  OK  9fd352af-PERGOLA_1936.jpg
  OK  9e4fe582-PERGOLA_1900.jpg
  OK  c628b83d-PERGOLA_1923.jpg
  OK  90898e1e-PERGOLA_1961.jpg
  OK  768884b5-PERGOLA_1958.jpg
  OK  c363eed5-PISCINA_JARDIN_1988.jpg
  OK  a6e1ce03-PISCINA_JARDIN_2054.jpg
  OK  def76225-PISCINA_JARDIN_1321.jpg
  OK  a44d7184-PISCINA_JARDIN_2080.jpg
  OK  870a0c50-PISCINA_JARDIN_1323.jpg
  OK  96bdb456-PISCINA_JARDIN_1297.jpg
  OK  f20cd858-PISCINA_JARDIN_1304.jpg
  OK  215c09b9-PISCINA_JARDIN_1990.jpg
  OK  9b50abc8-PISCINA_JARDIN_1332.jpg
  OK  95be1d6e-PISCINA_JARDIN_1825.jpg
  OK  75579e59-CHIRINGUITO_5730.jpg
  OK  8d43e4b8-CHIRINGUITO_5661.jpg
  OK  37f7bb16-PISCINA_JARDIN_1279.jpg
  OK  a3a5fe8d-CHIRINGUITO_4758.jpg
  OK  4c8fa296-CHIRINGUITO_5745.jpg
  OK  797dddba-C.F_25_de_25_.jpg
  OK  1986d580-PISCINA_JARDIN_1841.jpg
  OK  996894b4-CHIRINGUITO_5757.jpg
  OK  ad3d4650-CHIRINGUITO_5760.jpg
  OK  b4ab928b-CHIRINGUITO_4845.jpg
  OK  884a604d-CF.Ene_21_.jpg
  OK  adc33dd2-PhotoRed_7_.jpg
  OK  4853fc29-CHIRINGUITO_5267.jpg
  OK  4f29b6d4-CHIRINGUITO_5549.jpg
  OK  2fca27ac-CHIRINGUITO_5613.jpg
  OK  5a099dd3-CHIRINGUITO_6345.jpg
  OK  6ad7f722-CHIRINGUITO_6335.jpg

Descargadas: 143 | Ya exist├¡an: 0 | Fallaron: 0 | Total: 143
powershell.exe : Error: no existe el proyecto "540-hotelpomelo". Usa: db proyectos
En C:\xampp\htdocs\project-1-25092026\herramientas\ejecutar-cola.ps1: 40 Carácter: 13
+   $salida = & powershell -NoProfile -ExecutionPolicy Bypass -File $s. ...
+             ~~~~~~~~~~~~~~~~~~~~~~~~~~~~~~~~~~~~~~~~~~~~~~~~~~~~~~~~~
    + CategoryInfo          : NotSpecified: (Error: no exist...a: db proyectos:String) [], RemoteException
    + FullyQualifiedErrorId : NativeCommandError
 
Imágenes en assets\pomelo: 143

